[www.ggpa.cteguj.in/fonts/fontawesome-webfont.eot]
[www.ggpa.cteguj.in/fonts/fontawesome-webfont.woff]
[www.ggpa.cteguj.in/fonts/fontawesome-webfont.ttf]
[backblue.gif]
[fade.gif]
[index.html]
[www.ggpa.cteguj.in/gmcastudent/img/favicon.png]
[www.ggpa.cteguj.in/uploads/2019/Untitled.png]
[www.ggpa.cteguj.in/img/aicte.png]
[www.ggpa.cteguj.in/uploads/2019/P_20170529_134038.jpg]
[www.ggpa.cteguj.in/uploads/2019/24.jpg]
[www.ggpa.cteguj.in/uploads/2019/lamp_making.jpg]
[www.ggpa.cteguj.in/uploads/2019/111.jpg]
[www.ggpa.cteguj.in/uploads/MAYBooklet1.pdf]
[www.ggpa.cteguj.in/uploads/MAYBooklet2.pdf]
[www.ggpa.cteguj.in/uploads/MAYGR.pdf]
[www.ggpa.cteguj.in/uploads/MAYNOTE.pdf]
[www.ggpa.cteguj.in/gmcastudent/img/campus_map.jpg]
[www.ggpa.cteguj.in/gmcastudent/img/facility.jpg]
[www.ggpa.cteguj.in/gmcastudent/img/library.jpg]
[www.ggpa.cteguj.in/gmcastudent/img/studentSction.jpg]
[www.ggpa.cteguj.in/gmcastudent/img/lactureSeries.jpg]
[www.ggpa.cteguj.in/gmcastudent/js/breakpoints.js]
[www.ggpa.cteguj.in/gmcastudent/js/jquery/jquery-1.11.1.min.js]
[www.ggpa.cteguj.in/gmcastudent/js/scrollspy.js]
[www.ggpa.cteguj.in/gmcastudent/js/bootstrap-progressbar/bootstrap-progressbar.js]
[www.ggpa.cteguj.in/gmcastudent/js/bootstrap.min.js]
[www.ggpa.cteguj.in/gmcastudent/js/masonry.pkgd.min.js]
[www.ggpa.cteguj.in/gmcastudent/js/imagesloaded.pkgd.min.js]
[www.ggpa.cteguj.in/gmcastudent/js/bxslider/jquery.bxslider.min.js]
[www.ggpa.cteguj.in/gmcastudent/js/flexslider/jquery.flexslider.js]
[www.ggpa.cteguj.in/gmcastudent/js/smooth-scroll/SmoothScroll.js]
[www.ggpa.cteguj.in/gmcastudent/js/jquery.carouFredSel-6.2.1-packed.js]
[www.ggpa.cteguj.in/gmcastudent/js/rs-plugin/js/jquery.themepunch.plugins.min.js]
[www.ggpa.cteguj.in/gmcastudent/js/rs-plugin/js/jquery.themepunch.revolution.min.js]
[www.ggpa.cteguj.in/gmcastudent/js/rs-plugin/videojs/video.js]
[www.ggpa.cteguj.in/gmcastudent/js/jqueryui/jquery-ui.js]
[www.ggpa.cteguj.in/gmcastudent/js/modules/sliders.js]
[www.ggpa.cteguj.in/gmcastudent/js/modules/ui.js]
[www.ggpa.cteguj.in/gmcastudent/js/modules/retina.js]
[www.ggpa.cteguj.in/gmcastudent/js/modules/animate-numbers.js]
[www.ggpa.cteguj.in/gmcastudent/js/modules/parallax-effect.js]
[www.ggpa.cteguj.in/gmcastudent/js/modules/settings.js]
[www.ggpa.cteguj.in/gmcastudent/js/modules/color-themes.js]
[www.ggpa.cteguj.in/gmcastudent/js/audioplayer/js/jquery.jplayer.min.js]
[www.ggpa.cteguj.in/gmcastudent/js/audioplayer.js]
[www.ggpa.cteguj.in/gmcastudent/js/radial-progress/jquery.easing.1.3.js]
[www.ggpa.cteguj.in/gmcastudent/js/radial-progress/radialProgress.js]
[www.ggpa.cteguj.in/gmcastudent/js/progressbars.js]
[www.ggpa.cteguj.in/gmcastudent/js/google-chart.js]
[www.ggpa.cteguj.in/gmcastudent/js/j.placeholder.js]
[www.ggpa.cteguj.in/gmcastudent/js/fancybox/jquery.fancybox.pack.js]
[www.ggpa.cteguj.in/gmcastudent/js/fancybox/jquery.mousewheel.pack.js]
[www.ggpa.cteguj.in/gmcastudent/js/fancybox/jquery.fancybox.custom.js]
[www.ggpa.cteguj.in/gmcastudent/js/user.js]
[www.ggpa.cteguj.in/gmcastudent/js/timeline.js]
[www.ggpa.cteguj.in/gmcastudent/js/fontawesome-markers.js]
[www.ggpa.cteguj.in/gmcastudent/js/cookie.js]
[www.ggpa.cteguj.in/gmcastudent/js/loader.js]
[www.ggpa.cteguj.in/gmcastudent/js/scrollIt/scrollIt.min.js]
[www.ggpa.cteguj.in/gmcastudent/js/modules/navigation-slide.js]
[www.ggpa.cteguj.in/gmcastudent/js/moment.js]
[www.ggpa.cteguj.in/index.html]
[www.ggpa.cteguj.in/gmcastudent/css/eventCalendar.css]
[www.ggpa.cteguj.in/gmcastudent/css/eventCalendar_theme_responsive.css]
[www.ggpa.cteguj.in/fonts/fontawesome-webfont.html]
[www.ggpa.cteguj.in/fonts/fontawesome-webfont.svg]
[www.ggpa.cteguj.in/gmcastudent/js/bxslider/images/bx_loader.gif]
[www.ggpa.cteguj.in/gmcastudent/js/bxslider/images/controls.png]
[www.ggpa.cteguj.in/gmcastudent/js/bxslider/jquery.bxslider.css]
[www.ggpa.cteguj.in/gmcastudent/js/flexslider/fonts/flexslider-icon.eot]
[www.ggpa.cteguj.in/gmcastudent/js/flexslider/fonts/flexslider-icond41dd41d.eot]
[www.ggpa.cteguj.in/gmcastudent/js/flexslider/fonts/flexslider-icon.woff]
[www.ggpa.cteguj.in/gmcastudent/js/flexslider/fonts/flexslider-icon.ttf]
[www.ggpa.cteguj.in/gmcastudent/js/flexslider/flexslider.css]
[www.ggpa.cteguj.in/gmcastudent/js/radial-progress/style.css]
[www.ggpa.cteguj.in/gmcastudent/css/animate.css]
[www.ggpa.cteguj.in/gmcastudent/fonts/glyphicons-halflings-regular.eot]
[www.ggpa.cteguj.in/gmcastudent/fonts/glyphicons-halflings-regulard41dd41d.eot]
[www.ggpa.cteguj.in/gmcastudent/fonts/glyphicons-halflings-regular.woff]
[www.ggpa.cteguj.in/gmcastudent/fonts/glyphicons-halflings-regular.ttf]
[www.ggpa.cteguj.in/gmcastudent/css/bootstrap.min.css]
[www.ggpa.cteguj.in/gmcastudent/js/bootstrap-progressbar/bootstrap-progressbar-3.2.0.min.css]
[www.ggpa.cteguj.in/gmcastudent/js/jqueryui/jquery-ui.css]
[www.ggpa.cteguj.in/gmcastudent/js/jqueryui/jquery-ui.structure.css]
[www.ggpa.cteguj.in/gmcastudent/js/fancybox/fancybox_sprite.png]
[www.ggpa.cteguj.in/gmcastudent/js/fancybox/fancybox_loading.gif]
[www.ggpa.cteguj.in/gmcastudent/js/fancybox/blank.gif]
[www.ggpa.cteguj.in/gmcastudent/js/fancybox/fancybox_overlay.png]
[www.ggpa.cteguj.in/gmcastudent/js/fancybox/fancybox_sprite@2x.png]
[www.ggpa.cteguj.in/gmcastudent/js/fancybox/fancybox_loading@2x.gif]
[www.ggpa.cteguj.in/gmcastudent/js/fancybox/jquery.fancybox.css]
[www.ggpa.cteguj.in/gmcastudent/fonts/fonts.css]
[www.ggpa.cteguj.in/gmcastudent/img/bg/pattern-lg/pattern_2.png]
[www.ggpa.cteguj.in/gmcastudent/img/diagonal-line-bg-light.png]
[www.ggpa.cteguj.in/gmcastudent/img/slider/section-bg-meadow.jpg]
[www.ggpa.cteguj.in/gmcastudent/img/slider/section-bg-gradient.jpg]
[www.ggpa.cteguj.in/gmcastudent/img/slider/section-bg-street.jpg]
[www.ggpa.cteguj.in/gmcastudent/img/inner-head-bg.jpg]
[www.ggpa.cteguj.in/gmcastudent/img/inner-head-bg_2.jpg]
[www.ggpa.cteguj.in/gmcastudent/img/slider/section-bg-girl.jpg]
[www.ggpa.cteguj.in/gmcastudent/img/bg_default.png]
[www.ggpa.cteguj.in/gmcastudent/img/bg_light-lg.jpg]
[www.ggpa.cteguj.in/gmcastudent/img/dotted.png]
[www.ggpa.cteguj.in/gmcastudent/img/diagonal-line-bg.png]
[www.ggpa.cteguj.in/gmcastudent/img/slider/slider-lg-controls.png]
[www.ggpa.cteguj.in/gmcastudent/img/slider/slider-lg__bg.png]
[www.ggpa.cteguj.in/gmcastudent/img/slider/slider-bg1.jpg]
[www.ggpa.cteguj.in/gmcastudent/img/homepage/slider-bg2.jpg]
[www.ggpa.cteguj.in/gmcastudent/img/homepage/slider-bg3.jpg]
[www.ggpa.cteguj.in/gmcastudent/img/tab-vertical-bg-shadow.png]
[www.ggpa.cteguj.in/gmcastudent/img/homepage/mac-video.png]
[www.ggpa.cteguj.in/gmcastudent/img/audio-player_bg_nav.png]
[www.ggpa.cteguj.in/gmcastudent/img/audio-player_bg.png]
[www.ggpa.cteguj.in/gmcastudent/img/tablet-shadow-min.png]
[www.ggpa.cteguj.in/gmcastudent/img/tablet-shadow-max.png]
[www.ggpa.cteguj.in/gmcastudent/img/bg_error.jpg]
[www.ggpa.cteguj.in/gmcastudent/img/icon-2.png]
[www.ggpa.cteguj.in/gmcastudent/css/main-default.css]
[www.ggpa.cteguj.in/gmcastudent/js/rs-plugin/images/gradient/g30.png]
[www.ggpa.cteguj.in/gmcastudent/js/rs-plugin/images/gradient/g40.png]
[www.ggpa.cteguj.in/gmcastudent/js/rs-plugin/assets/shadow1.png]
[www.ggpa.cteguj.in/gmcastudent/js/rs-plugin/assets/shadow2.png]
[www.ggpa.cteguj.in/gmcastudent/js/rs-plugin/assets/shadow3.png]
[www.ggpa.cteguj.in/gmcastudent/js/rs-plugin/assets/gridtile_white.png]
[www.ggpa.cteguj.in/gmcastudent/js/rs-plugin/assets/gridtile_3x3.png]
[www.ggpa.cteguj.in/gmcastudent/js/rs-plugin/assets/gridtile_3x3_white.png]
[www.ggpa.cteguj.in/gmcastudent/js/rs-plugin/assets/boxed_bgtile.png]
[www.ggpa.cteguj.in/gmcastudent/js/rs-plugin/assets/navigdots_bgtile.png]
[www.ggpa.cteguj.in/gmcastudent/js/rs-plugin/assets/bullet.png]
[www.ggpa.cteguj.in/gmcastudent/js/rs-plugin/assets/bullets.png]
[www.ggpa.cteguj.in/gmcastudent/js/rs-plugin/assets/bullets2.png]
[www.ggpa.cteguj.in/gmcastudent/js/rs-plugin/assets/bullet_boxed.png]
[www.ggpa.cteguj.in/gmcastudent/js/rs-plugin/assets/navigdots.png]
[www.ggpa.cteguj.in/gmcastudent/js/rs-plugin/assets/large_left.png]
[www.ggpa.cteguj.in/gmcastudent/js/rs-plugin/assets/large_right.png]
[www.ggpa.cteguj.in/gmcastudent/js/rs-plugin/assets/small_left.png]
[www.ggpa.cteguj.in/gmcastudent/js/rs-plugin/assets/small_right.png]
[www.ggpa.cteguj.in/gmcastudent/js/rs-plugin/assets/arrow_left.png]
[www.ggpa.cteguj.in/gmcastudent/js/rs-plugin/assets/arrow_right.png]
[www.ggpa.cteguj.in/gmcastudent/js/rs-plugin/assets/small_left_boxed.png]
[www.ggpa.cteguj.in/gmcastudent/js/rs-plugin/assets/small_right_boxed.png]
[www.ggpa.cteguj.in/gmcastudent/js/rs-plugin/assets/arrowleft.png]
[www.ggpa.cteguj.in/gmcastudent/js/rs-plugin/assets/arrowright.png]
[www.ggpa.cteguj.in/gmcastudent/js/rs-plugin/assets/arrow_left2.png]
[www.ggpa.cteguj.in/gmcastudent/js/rs-plugin/assets/arrow_right2.png]
[www.ggpa.cteguj.in/gmcastudent/js/rs-plugin/assets/timer.png]
[www.ggpa.cteguj.in/gmcastudent/js/rs-plugin/assets/coloredbg.png]
[www.ggpa.cteguj.in/gmcastudent/js/rs-plugin/assets/loader.gif]
[www.ggpa.cteguj.in/gmcastudent/js/rs-plugin/font/revicons90c690c6.eot]
[www.ggpa.cteguj.in/gmcastudent/js/rs-plugin/font/revicons90c690c6.woff]
[www.ggpa.cteguj.in/gmcastudent/js/rs-plugin/font/revicons90c690c6.ttf]
[www.ggpa.cteguj.in/gmcastudent/js/rs-plugin/css/settings.css]
[www.ggpa.cteguj.in/gmcastudent/js/rs-plugin/assets/slider-lg-controls.png]
[www.ggpa.cteguj.in/gmcastudent/js/rs-plugin/css/settings-custom.css]
[www.ggpa.cteguj.in/gmcastudent/js/rs-plugin/videojs/font/vjs.eot]
[www.ggpa.cteguj.in/gmcastudent/js/rs-plugin/videojs/font/vjsd41dd41d.eot]
[www.ggpa.cteguj.in/gmcastudent/js/rs-plugin/videojs/font/vjs.woff]
[www.ggpa.cteguj.in/gmcastudent/js/rs-plugin/videojs/font/vjs.ttf]
[www.ggpa.cteguj.in/gmcastudent/js/rs-plugin/videojs/video-js.css]
[www.ggpa.cteguj.in/about/index.html]
[www.ggpa.cteguj.in/uploads/2019/IMG-20220120-WA0006.jpg]
[www.ggpa.cteguj.in/uploads/2019/IMG_20220120_164102597.jpg]
[www.ggpa.cteguj.in/uploads/2019/4.jpg]
[www.ggpa.cteguj.in/uploads/2019/1634192417.jpg]
[www.ggpa.cteguj.in/uploads/2019/20220121_140449.jpg]
[www.ggpa.cteguj.in/uploads/2019/KAJ_1875.jpg]
[www.ggpa.cteguj.in/uploads/2019/IMG_20220120_164539601.jpg]
[www.ggpa.cteguj.in/campus/index.html]
[www.ggpa.cteguj.in/uploads/2019/PLACEMENT_WEBSITE_UPLOAD_17-1-2023_(1).pdf]
[www.ggpa.cteguj.in/tpo/index.html]
[www.ggpa.cteguj.in/uploads/2019/women_development_cell_Objectives.pdf]
[www.ggpa.cteguj.in/womencell/index.html]
[www.ggpa.cteguj.in/grievancecell/index.html]
[www.ggpa.cteguj.in/uploads/2019/AntiRagging_HowToFillUndertaking.pdf]
[www.ggpa.cteguj.in/uploads/2019/Undertaking_of_Student_regarding_anti_raging.pdf]
[www.ggpa.cteguj.in/antiragging/index.html]
[www.ggpa.cteguj.in/ssip/index.html]
[www.ggpa.cteguj.in/rti/index.html]
[www.ggpa.cteguj.in/newsletter/index.html]
[www.ggpa.cteguj.in/calendar/index.html]
[www.ggpa.cteguj.in/programs/detail/327.html]
[www.ggpa.cteguj.in/uploads/2019/ARCHI.jpg]
[www.ggpa.cteguj.in/uploads/faculty/BJI_photo.jpg]
[www.ggpa.cteguj.in/uploads/faculty/S_K_SHAH.jpg]
[www.ggpa.cteguj.in/uploads/faculty/Photo_Abhijit_Rathod.jpg]
[www.ggpa.cteguj.in/uploads/faculty/B_photo11.jpg]
[www.ggpa.cteguj.in/uploads/faculty/image1_(1).jpg]
[www.ggpa.cteguj.in/uploads/faculty/New_Doc_2017-05-05_11.jpg]
[www.ggpa.cteguj.in/programs/detail/153.html]
[www.ggpa.cteguj.in/uploads/2019/IMG-20170529-WA0009.jpg]
[www.ggpa.cteguj.in/uploads/2019/IMG-20170529-WA0011.jpg]
[www.ggpa.cteguj.in/uploads/2019/IMG-20170529-WA0008.jpg]
[www.ggpa.cteguj.in/uploads/2019/IMG-20170529-WA0007.jpg]
[www.ggpa.cteguj.in/uploads/faculty/RDM.png]
[www.ggpa.cteguj.in/uploads/faculty/WhatsApp_Image_2020-02-26_at_16_16_101.jpg]
[www.ggpa.cteguj.in/uploads/faculty/ARD_pic.jpg]
[www.ggpa.cteguj.in/uploads/faculty/Meghna.jpg]
[www.ggpa.cteguj.in/uploads/faculty/n11.jpg]
[www.ggpa.cteguj.in/programs/detail/154.html]
[www.ggpa.cteguj.in/uploads/2019/WhatsApp_Image_2022-01-20_at_3_45_36_PM.jpg]
[www.ggpa.cteguj.in/uploads/2019/WhatsApp_Image_2022-01-20_at_5_05_29_PM.jpg]
[www.ggpa.cteguj.in/uploads/2019/WhatsApp_Image_2022-01-20_at_5_45_19_PM.jpg]
[www.ggpa.cteguj.in/uploads/2019/WhatsApp_Image_2022-01-20_at_5_11_03_PM.jpg]
[www.ggpa.cteguj.in/uploads/2019/WhatsApp_Image_2022-01-20_at_5_52_39_PM.jpg]
[www.ggpa.cteguj.in/uploads/2019/KAJ_1510.jpg]
[www.ggpa.cteguj.in/uploads/faculty/hsp.png]
[www.ggpa.cteguj.in/uploads/faculty/Passport7.jpg]
[www.ggpa.cteguj.in/uploads/faculty/MMS_PHOTO_.jpg]
[www.ggpa.cteguj.in/uploads/faculty/FPA.png]
[www.ggpa.cteguj.in/uploads/faculty/kmv.png]
[www.ggpa.cteguj.in/uploads/faculty/dhd_1.jpg]
[www.ggpa.cteguj.in/uploads/faculty/rcd1.png]
[www.ggpa.cteguj.in/uploads/faculty/imu.jpg]
[www.ggpa.cteguj.in/uploads/faculty/IMG2.jpg]
[www.ggpa.cteguj.in/programs/detail/159.html]
[www.ggpa.cteguj.in/uploads/2019/IMG_20151027_140455.jpg]
[www.ggpa.cteguj.in/uploads/2019/IMG_25611.jpg]
[www.ggpa.cteguj.in/uploads/2019/IMG_2557.jpg]
[www.ggpa.cteguj.in/uploads/faculty/PHOTO-2021-04-05-19-02-59.jpg]
[www.ggpa.cteguj.in/uploads/faculty/SHB_PHOTO.gif]
[www.ggpa.cteguj.in/uploads/faculty/WP_20161013_001_(1)1.jpg]
[www.ggpa.cteguj.in/uploads/faculty/unnamed_(1)1.jpg]
[www.ggpa.cteguj.in/uploads/faculty/ROY_PHOTO.gif]
[www.ggpa.cteguj.in/uploads/faculty/niru.jpg]
[www.ggpa.cteguj.in/uploads/faculty/DBT_PHOTO1.gif]
[www.ggpa.cteguj.in/uploads/faculty/20160920_143432-1.jpg]
[www.ggpa.cteguj.in/uploads/faculty/M_y_verma_photo_1.jpg]
[www.ggpa.cteguj.in/uploads/faculty/IMG_20190919_222127.jpg]
[www.ggpa.cteguj.in/uploads/faculty/bkp1.jpg]
[www.ggpa.cteguj.in/programs/detail/156.html]
[www.ggpa.cteguj.in/uploads/2019/20150728_170343.jpg]
[www.ggpa.cteguj.in/uploads/2019/P9290103.jpg]
[www.ggpa.cteguj.in/uploads/2019/PB0201161.jpg]
[www.ggpa.cteguj.in/uploads/faculty/IMG_HRP2.jpg]
[www.ggpa.cteguj.in/uploads/faculty/J_J_KARAGTHALA.jpg]
[www.ggpa.cteguj.in/uploads/faculty/Untitled113.jpg]
[www.ggpa.cteguj.in/uploads/faculty/anjumpic11.jpg]
[www.ggpa.cteguj.in/uploads/faculty/Scan_20151007_(2).jpg]
[www.ggpa.cteguj.in/uploads/faculty/manali.jpg]
[www.ggpa.cteguj.in/uploads/faculty/jalashreephoto.jpg]
[www.ggpa.cteguj.in/uploads/faculty/shobhen.jpg]
[www.ggpa.cteguj.in/uploads/faculty/IMG_20160430_150605.jpg]
[www.ggpa.cteguj.in/uploads/faculty/IMG_20160821_092246_(1)1.jpg]
[www.ggpa.cteguj.in/uploads/faculty/Passport_Photo_KDV.jpg]
[www.ggpa.cteguj.in/uploads/faculty/IMG_20170508_141404.jpg]
[www.ggpa.cteguj.in/uploads/faculty/vandana_(1)-min2.jpg]
[www.ggpa.cteguj.in/uploads/faculty/DMG.jpg]
[www.ggpa.cteguj.in/uploads/faculty/gpsc_final.jpg]
[www.ggpa.cteguj.in/programs/detail/155.html]
[www.ggpa.cteguj.in/uploads/2019/Simulation_Lab.jpg]
[www.ggpa.cteguj.in/uploads/2019/Analog_And_Digital_Electronics_LAb.jpg]
[www.ggpa.cteguj.in/uploads/2019/Communication_And_Computer_Lab.jpg]
[www.ggpa.cteguj.in/uploads/2019/Multimedia_room.jpg]
[www.ggpa.cteguj.in/uploads/faculty/WhatsApp_Image_2021-12-21_at_3_46_57_PM(1)1.jpg]
[www.ggpa.cteguj.in/uploads/faculty/photo-NRM.jpg]
[www.ggpa.cteguj.in/uploads/faculty/nbn_color_photo_555.jpg]
[www.ggpa.cteguj.in/uploads/faculty/IMG-20140204-WA0001_(1).jpg]
[www.ggpa.cteguj.in/uploads/faculty/krishna1.jpg]
[www.ggpa.cteguj.in/uploads/faculty/Mihir_PHOTO.jpg]
[www.ggpa.cteguj.in/uploads/faculty/website_photo1.jpg]
[www.ggpa.cteguj.in/uploads/faculty/Image_(2).jpg]
[www.ggpa.cteguj.in/uploads/faculty/vaishali_photo1.jpg]
[www.ggpa.cteguj.in/uploads/faculty/nisha2.jpg]
[www.ggpa.cteguj.in/uploads/faculty/jignasha1_001.jpg]
[www.ggpa.cteguj.in/programs/detail/158.html]
[www.ggpa.cteguj.in/uploads/faculty/B661148E-9EAB-4E78-8113-D90B2B3D7E14.jpg]
[www.ggpa.cteguj.in/uploads/faculty/meghal_pic12.jpg]
[www.ggpa.cteguj.in/uploads/faculty/Shailesh1.jpg]
[www.ggpa.cteguj.in/uploads/faculty/20220716_1018252.jpg]
[www.ggpa.cteguj.in/uploads/faculty/IMG_20200609_135843.jpg]
[www.ggpa.cteguj.in/programs/detail/366.html]
[www.ggpa.cteguj.in/programs/detail/426.html]
[www.ggpa.cteguj.in/uploads/2019/207a.jpg]
[www.ggpa.cteguj.in/uploads/2019/207b.jpg]
[www.ggpa.cteguj.in/uploads/2019/208A.jpg]
[www.ggpa.cteguj.in/uploads/2019/102.jpg]
[www.ggpa.cteguj.in/uploads/2019/lruc.jpg]
[www.ggpa.cteguj.in/uploads/faculty/WhatsApp_Image_2023-01-20_at_11_03_30.jpg]
[www.ggpa.cteguj.in/uploads/faculty/New_Photo3.jpg]
[www.ggpa.cteguj.in/uploads/faculty/rdp_new_pic.jpg]
[www.ggpa.cteguj.in/uploads/faculty/poojagarach.jpg]
[www.ggpa.cteguj.in/uploads/faculty/Snehal_Passport.jpg]
[www.ggpa.cteguj.in/uploads/faculty/scan_12.gif]
[www.ggpa.cteguj.in/uploads/faculty/Photo_from_Hardika.jpg]
[www.ggpa.cteguj.in/uploads/faculty/chandni_photo.jpg]
[www.ggpa.cteguj.in/uploads/faculty/Nimisha-photo.jpg]
[www.ggpa.cteguj.in/uploads/faculty/Henish_Photo.jpg]
[www.ggpa.cteguj.in/uploads/faculty/vimal_photo.png]
[www.ggpa.cteguj.in/uploads/faculty/pranjal_photo.jpg]
[www.ggpa.cteguj.in/uploads/faculty/16PGCE005.jpg]
[www.ggpa.cteguj.in/uploads/faculty/admin4.png]
[www.ggpa.cteguj.in/programs/detail/157.html]
[www.ggpa.cteguj.in/labs/index.html]
[www.ggpa.cteguj.in/uploads/2019/PROJECT_FAIR22.jpg]
[www.ggpa.cteguj.in/workshops/index.html]
[www.ggpa.cteguj.in/uploads/faculty/PMP.jpg]
[www.ggpa.cteguj.in/uploads/faculty/RKA2.jpg]
[www.ggpa.cteguj.in/uploads/faculty/DSC_7649.jpg]
[www.ggpa.cteguj.in/uploads/faculty/passport_photo8.jpg]
[www.ggpa.cteguj.in/uploads/faculty/JGP3.jpg]
[www.ggpa.cteguj.in/uploads/faculty/PHOTO-1.jpg]
[www.ggpa.cteguj.in/uploads/faculty/GAL.jpg]
[www.ggpa.cteguj.in/uploads/faculty/photo.png]
[www.ggpa.cteguj.in/faculty/index.html]
[www.ggpa.cteguj.in/uploads/faculty/hsyagnik_passport_photogif.gif]
[www.ggpa.cteguj.in/uploads/faculty/Arzoo_Image.jpg]
[www.ggpa.cteguj.in/uploads/faculty/Jhankhna_Image.jpg]
[www.ggpa.cteguj.in/uploads/faculty/D__I__MEHTA_001.jpg]
[www.ggpa.cteguj.in/uploads/faculty/IMG-20230120-WA0011_(1).jpg]
[www.ggpa.cteguj.in/uploads/faculty/AASHISH_PANCHAL.jpg]
[www.ggpa.cteguj.in/uploads/faculty/ANJANA_PATEL.jpg]
[www.ggpa.cteguj.in/uploads/faculty/22.jpg]
[www.ggpa.cteguj.in/uploads/faculty/MAHEDU_RAJESHKUMAR1.jpg]
[www.ggpa.cteguj.in/uploads/faculty/IMG-20161026-WA0025.jpg]
[www.ggpa.cteguj.in/staff/index.html]
[www.ggpa.cteguj.in/uploads/2019/WhatsApp_Image_2022-12-30_at_2_58_56_PM.jpg]
[www.ggpa.cteguj.in/uploads/2019/WhatsApp_Image_2022-12-30_at_2_58_57_PM.jpg]
[www.ggpa.cteguj.in/uploads/2019/WhatsApp_Image_2022-12-30_at_4_52_13_PM.jpg]
[www.ggpa.cteguj.in/uploads/2019/WhatsApp_Image_2023-01-07_at_5_59_53_PM.jpg]
[www.ggpa.cteguj.in/uploads/2019/WhatsApp_Image_2023-01-11_at_5_43_52_PM.jpg]
[www.ggpa.cteguj.in/uploads/2019/WhatsApp_Image_2023-01-11_at_6_23_34_PM.jpg]
[www.ggpa.cteguj.in/uploads/2019/WhatsApp_Image_2023-01-11_at_6_00_01_PM.jpg]
[www.ggpa.cteguj.in/uploads/2019/WhatsApp_Image_2023-01-11_at_5_59_59_PM.jpg]
[www.ggpa.cteguj.in/uploads/2019/8.jpg]
[www.ggpa.cteguj.in/uploads/2019/7.jpg]
[www.ggpa.cteguj.in/uploads/2019/6.jpg]
[www.ggpa.cteguj.in/uploads/2019/5.jpg]
[www.ggpa.cteguj.in/uploads/2019/3.jpg]
[www.ggpa.cteguj.in/uploads/2019/25.jpg]
[www.ggpa.cteguj.in/uploads/2019/1.jpg]
[www.ggpa.cteguj.in/uploads/2019/Constitution_day_2.jpg]
[www.ggpa.cteguj.in/uploads/2019/Constitution_day_1.jpg]
[www.ggpa.cteguj.in/uploads/2019/INDEPENDENCE_DAY_CELEBRATION1.jpg]
[www.ggpa.cteguj.in/uploads/2019/MOTIVATIONAL_SPEECH2.jpg]
[www.ggpa.cteguj.in/uploads/2019/MOTIVATIONAL_SPEECH1.jpg]
[www.ggpa.cteguj.in/uploads/2019/MEDIA_COVERAGE_2.jpg]
[www.ggpa.cteguj.in/uploads/2019/ENVIORNMENT_AWARENESS.jpg]
[www.ggpa.cteguj.in/uploads/2019/TREE_PLANTATION2.jpg]
[www.ggpa.cteguj.in/uploads/2019/TREE_PLANTATION.jpg]
[www.ggpa.cteguj.in/uploads/2019/GURUPURNIMA3.jpg]
[www.ggpa.cteguj.in/uploads/2019/GURUPURNIMA2.jpg]
[www.ggpa.cteguj.in/uploads/2019/GURUPURNIMA1.jpg]
[www.ggpa.cteguj.in/uploads/2019/WORLD_ENVIORNMENT_DAY2.jpg]
[www.ggpa.cteguj.in/uploads/2019/WORLD_ENVIORNMENT_DAY1.jpg]
[www.ggpa.cteguj.in/uploads/2019/WORLD_PHOTOGRAPHY_DAY3.jpg]
[www.ggpa.cteguj.in/uploads/2019/WORLD_PHOTOGRAPHY_DAY2.jpg]
[www.ggpa.cteguj.in/uploads/2019/WORLD_PHOTOGRAPHY_DAY.jpg]
[www.ggpa.cteguj.in/uploads/2019/PROJECT_FAIR3.jpg]
[www.ggpa.cteguj.in/uploads/2019/PROJECT_FAIR2.jpg]
[www.ggpa.cteguj.in/uploads/2019/PROJECT_FAIR1.jpg]
[www.ggpa.cteguj.in/uploads/2019/COMPUTER_DEPARTMENT_technosarita.jpg]
[www.ggpa.cteguj.in/uploads/2019/CDDM_DEPARTMENT_technosarita.jpg]
[www.ggpa.cteguj.in/uploads/2019/technosarita_it2.jpg]
[www.ggpa.cteguj.in/uploads/2019/technosarita_it1.jpg]
[www.ggpa.cteguj.in/uploads/2019/technosarita_ec4.jpg]
[www.ggpa.cteguj.in/uploads/2019/technosarita_ec3.jpg]
[www.ggpa.cteguj.in/uploads/2019/TECNO_SARITA4.jpg]
[www.ggpa.cteguj.in/uploads/2019/TECNO_SARITA3.jpg]
[www.ggpa.cteguj.in/uploads/2019/TECNO_SARITAec2.jpg]
[www.ggpa.cteguj.in/uploads/2019/TECNO_SARITA1.jpg]
[www.ggpa.cteguj.in/uploads/2019/TECNO_SARITA.jpg]
[www.ggpa.cteguj.in/uploads/2019/YOGA_DAY1.jpg]
[www.ggpa.cteguj.in/uploads/2019/YOGA_DAY2.jpg]
[www.ggpa.cteguj.in/uploads/2019/RAKSHABANDHAN_CELEBRATION.jpg]
[www.ggpa.cteguj.in/uploads/2019/yoga_3.jpg]
[www.ggpa.cteguj.in/uploads/2019/yoga_4.jpg]
[www.ggpa.cteguj.in/uploads/2019/yoga_2.jpg]
[www.ggpa.cteguj.in/uploads/2019/yoga_1.jpg]
[www.ggpa.cteguj.in/uploads/2019/yoga_5.jpg]
[www.ggpa.cteguj.in/uploads/2019/23.jpg]
[www.ggpa.cteguj.in/uploads/2019/31.jpg]
[www.ggpa.cteguj.in/uploads/2019/41.jpg]
[www.ggpa.cteguj.in/uploads/2019/22.jpg]
[www.ggpa.cteguj.in/uploads/2019/11.jpg]
[www.ggpa.cteguj.in/uploads/2019/21.jpg]
[www.ggpa.cteguj.in/uploads/2019/IMG_20180711_131230.jpg]
[www.ggpa.cteguj.in/uploads/2019/IMG-20180711-WA0021.jpg]
[www.ggpa.cteguj.in/uploads/2019/DSC_0393.jpg]
[www.ggpa.cteguj.in/uploads/2019/DSC_0329.jpg]
[www.ggpa.cteguj.in/uploads/2019/DSC_0079.jpg]
[www.ggpa.cteguj.in/uploads/2019/DSC_0071.jpg]
[www.ggpa.cteguj.in/uploads/2019/DSC_0232.jpg]
[www.ggpa.cteguj.in/uploads/2019/e2.jpg]
[www.ggpa.cteguj.in/uploads/2019/y1_.jpg]
[www.ggpa.cteguj.in/uploads/2019/IMG-20180208-WA0061.jpg]
[www.ggpa.cteguj.in/uploads/2019/IMG-20180208-WA0055.jpg]
[www.ggpa.cteguj.in/uploads/2019/IMG-20180126-WA0080.jpg]
[www.ggpa.cteguj.in/uploads/2019/IMG-20180126-WA0074.jpg]
[www.ggpa.cteguj.in/uploads/2019/IMG_3067.jpg]
[www.ggpa.cteguj.in/uploads/2019/IMG_6451.jpg]
[www.ggpa.cteguj.in/uploads/2019/y2.jpg]
[www.ggpa.cteguj.in/uploads/2019/IMG-20180205-WA0009.jpg]
[www.ggpa.cteguj.in/uploads/2019/Screenshot_2018-02-07-16-01-22-795.jpg]
[www.ggpa.cteguj.in/uploads/2019/IMG-20180203-WA0029.jpg]
[www.ggpa.cteguj.in/uploads/2019/IMG-20180203-WA0011.jpg]
[www.ggpa.cteguj.in/uploads/2019/IMG_2847.jpg]
[www.ggpa.cteguj.in/uploads/2019/IMG_2850.jpg]
[www.ggpa.cteguj.in/uploads/2019/IMG_2864.jpg]
[www.ggpa.cteguj.in/uploads/2019/IMG_2815.jpg]
[www.ggpa.cteguj.in/gallery/index.html]
[www.ggpa.cteguj.in/uploads/2019/leave_application_form_format.pdf]
[www.ggpa.cteguj.in/uploads/2019/001-142gp-final_compressed(1).pdf]
[www.ggpa.cteguj.in/uploads/2019/Governmant_Polytechnic_for_Girls27_4_2022_16_25_17_(1).pdf]
[www.ggpa.cteguj.in/uploads/2019/GTU_Affiliation-2021-22.pdf]
[www.ggpa.cteguj.in/uploads/2019/CWAN_Tender.pdf]
[www.ggpa.cteguj.in/uploads/2019/GTU_Affiliation-2022-23.pdf]
[www.ggpa.cteguj.in/uploads/2019/AICTE_EOA_Report_22-23.pdf]
[www.ggpa.cteguj.in/uploads/2019/Application_for_not_received_scholarship.pdf]
[www.ggpa.cteguj.in/uploads/2019/Application_format_for_Promotional_Certificate_in_Pragati_scholarship.pdf]
[www.ggpa.cteguj.in/uploads/2019/Authority_Letter_format_for_marksheet-Provisional_certificate.pdf]
[www.ggpa.cteguj.in/uploads/2019/bonafide_certificate.pdf]
[www.ggpa.cteguj.in/uploads/2019/Digital_gujarat_online_Scholarship_process_for_1st_year_form_filling.pdf]
[www.ggpa.cteguj.in/uploads/2019/TRANSCRIPT_PROCESS_FOR_GUJARAT_TECHNOLOGICAL_UNIVERSITY_(GTU)_STUDENTS.pdf]
[www.ggpa.cteguj.in/uploads/2019/TRANSCRIPT_PROCESS_FOR_TECHNCAL_EDUCATION_BOARD_(TEB)_STUDENTS.pdf]
[www.ggpa.cteguj.in/uploads/2019/3__25032020Final_Corona_Donation_471447.pdf]
[www.ggpa.cteguj.in/uploads/2019/4__05042020Measures-to-boost-immunity-(Hindi)_677226.pdf]
[www.ggpa.cteguj.in/uploads/2019/5__10042020Aarogya_setu_app_628713.pdf]
[www.ggpa.cteguj.in/uploads/2019/7__02052020Zydus_Cadila_Circular_for_Apprenticeship_for_Engineer_614194.pdf]
[www.ggpa.cteguj.in/uploads/2019/EOA_Report_2018-19.pdf]
[www.ggpa.cteguj.in/uploads/2019/EOA-2019-20.pdf]
[www.ggpa.cteguj.in/uploads/2019/EOA_Report_2020-21_GGP_AHMEDABAD.pdf]
[www.ggpa.cteguj.in/uploads/2019/saamaanya_Niyukti_form.pdf]
[www.ggpa.cteguj.in/uploads/2019/GGP,_AHMEDABAD_EOA_Report_21-22.pdf]
[www.ggpa.cteguj.in/uploads/2019/GTU_Affiliation_Letter_2018-19.pdf]
[www.ggpa.cteguj.in/uploads/2019/Scholarship_User_Manual.pdf]
[www.ggpa.cteguj.in/uploads/2019/GTU_Affiliation_Letter_2019-20.pdf]
[www.ggpa.cteguj.in/uploads/2019/GTU_Affiliation_Letter_2020-21.pdf]
[www.ggpa.cteguj.in/uploads/2019/Policy_for_Mentoring.pdf]
[www.ggpa.cteguj.in/uploads/2019/Policy_of_institute_feedback.pdf]
[www.ggpa.cteguj.in/uploads/2019/DQAC_Comiittee_policy.pdf]
[www.ggpa.cteguj.in/uploads/2019/policy.pdf]
[www.ggpa.cteguj.in/uploads/2019/Policy3.pdf]
[www.ggpa.cteguj.in/uploads/2019/Format_7_1_Sample_Format_-_Bonafide_Certificate.pdf]
[www.ggpa.cteguj.in/uploads/2019/Format_7_4_Sample_Format_-_Transfer_Certificate.pdf]
[www.ggpa.cteguj.in/uploads/2019/Format_7_6_Sample_Format_-_Affidavit_by_the_Student.pdf]
[www.ggpa.cteguj.in/uploads/2019/Format_7_7_Sample_Format_-_Affidavit_by_the_Parent_or_Guardian.pdf]
[www.ggpa.cteguj.in/uploads/2019/Format_7_8_Sample_Format_-_Application_Form_for_Duplicate_I-Card.pdf]
[www.ggpa.cteguj.in/uploads/2019/Format_7_9_Sample_Format_-_Student_Application_for_Name_Correction.pdf]
[www.ggpa.cteguj.in/uploads/2019/Format_10_1_Sample_Format_-_Rules_for_Hostel_Admission.pdf]
[www.ggpa.cteguj.in/uploads/2019/Format_10_2_Sample_Format_-_Hostel_Admission_Form.pdf]
[www.ggpa.cteguj.in/uploads/2019/Format_10_3_Sample_Format_-_Declaration_by_the_Student.pdf]
[www.ggpa.cteguj.in/uploads/2019/Format_10_5_Sample_Format_-_Hostel_Deposit_Refund.pdf]
[www.ggpa.cteguj.in/uploads/2019/Sarva_Shiksha_Abhiyan_TollfreeNumber.pdf]
[www.ggpa.cteguj.in/uploads/2019/DIPLOMA_IN_INFORMATION_AND_COMMUNICATION_TECHNOLOGY_(ICT)ENGLISH_BROTURE.pdf]
[www.ggpa.cteguj.in/uploads/2019/Forms_F15_LTC-PATRAK.doc]
[www.ggpa.cteguj.in/uploads/2019/Forms_F16_Head-Q-Live.doc]
[www.ggpa.cteguj.in/uploads/2019/Forms_F25_Request_Transfer.doc]
[www.ggpa.cteguj.in/uploads/2019/ctc_form__charge_transfer_certificate_form_.pdf]
[www.ggpa.cteguj.in/uploads/2019/medical_from.pdf]
[www.ggpa.cteguj.in/links/index.html]
[www.ggpa.cteguj.in/contact/index.html]
[www.ggpa.cteguj.in/uploads/MAYBooklet2.pdf]
[www.ggpa.cteguj.in/campus.html]
[www.ggpa.cteguj.in/labs.html]
[www.ggpa.cteguj.in/gmcastudent/img/library_cover.jpg]
[www.ggpa.cteguj.in/library.html]
[www.ggpa.cteguj.in/img/favicon.png]
[www.ggpa.cteguj.in/studentsection.html]
[www.ggpa.cteguj.in/lectureseries.html]
[www.ggpa.cteguj.in/gmcastudent/img/Nikhil.jpg]
[www.ggpa.cteguj.in/gmcastudent/img/Jay.jpg]
[www.ggpa.cteguj.in/gmcastudent/img/SachinShah.jpg]
[www.ggpa.cteguj.in/courtesy/index.html]
[www.ggpa.cteguj.in/uploads/2019/Diploma_special_extension_remidial_exam_form_circular_229208.pdf]
[www.ggpa.cteguj.in/uploads/2019/2__27012021Scan_20210128_134603.pdf]
[www.ggpa.cteguj.in/uploads/2019/1__16012021Diploma_Sem-3(CtoD)-2020_358630.pdf]
[www.ggpa.cteguj.in/uploads/2019/19_12112020Diploma_Exam_Form_W2020_114880.pdf]
[www.ggpa.cteguj.in/uploads/2019/17__30092020CIRCULAR_469852.pdf]
[www.ggpa.cteguj.in/uploads/2019/Academic_Calender-2020-21-Odd_term.pdf]
[www.ggpa.cteguj.in/uploads/2019/Guidelines_for_Online_Summer_2020_Exam_666756.pdf]
[www.ggpa.cteguj.in/uploads/2019/13___27062020Circular_UG_Diploma_Remedial_STE_998429.pdf]
[www.ggpa.cteguj.in/uploads/2019/12__06062020MIV_extension_cricular_453908.pdf]
[www.ggpa.cteguj.in/uploads/2019/11__30052020Revised_Circular_MIV_marks_entry_SU20_-_219517.pdf]
[www.ggpa.cteguj.in/uploads/2019/10__21052020Diploma_ONLINE_EXAM_MOCKTEST_SCHEDULE_713151.pdf]
[www.ggpa.cteguj.in/uploads/2019/09__11052020Circular_Diploma_Mock_Test_587327.pdf]
[www.ggpa.cteguj.in/uploads/2019/8__08052020Extension_of_Summer_vacation_308623.pdf]
[www.ggpa.cteguj.in/uploads/2019/6__13042020Revised_dates_of_Summer_Vacation_2020_558724.pdf]
[www.ggpa.cteguj.in/uploads/2019/2__02032020ELECTIVE_ENTRY_S2020_837190.pdf]
[www.ggpa.cteguj.in/news.html]
[www.ggpa.cteguj.in/gmcastudent/j/modules/maps-google.html]
[www.ggpa.cteguj.in/gmcastudent/js/audioplayer/js/jplayer.playlist.min.js]
[www.ggpa.cteguj.in/gmcastudent/js/markerwithlabel.js]
[www.ggpa.cteguj.in/gmcastudent/js/jquery.eventCalendar.min.js]
[www.ggpa.cteguj.in/gmcastudent/js/flexslider/fonts/flexslider-icon.svg]
[www.ggpa.cteguj.in/gmcastudent/fonts/glyphicons-halflings-regular.svg]
[www.ggpa.cteguj.in/gmcastudent/fonts/fontawesome-webfont.svg]
[www.ggpa.cteguj.in/gmcastudent/img/slider/section-bg-education.html]
[www.ggpa.cteguj.in/gmcastudent/img/slider/slider-girl.html]
[www.ggpa.cteguj.in/gmcastudent/img/slider/section-bg-mobile.html]
[www.ggpa.cteguj.in/gmcastudent/img/slider/slider-bg-image-1.html]
[www.ggpa.cteguj.in/gmcastudent/img/slider/section-bg-video.html]
[www.ggpa.cteguj.in/gmcastudent/img/bg_dark-lg.html]
[www.ggpa.cteguj.in/gmcastudent/img/slider/slider-bg-video.html]
[www.ggpa.cteguj.in/gmcastudent/img/real_state/icon.html]
[www.ggpa.cteguj.in/gmcastudent/img/demo-bg.html]
[www.ggpa.cteguj.in/gmcastudent/img/shop/action-info.html]
[www.ggpa.cteguj.in/gmcastudent/img/shop/action-info-2.html]
[vjs.zencdn.net/4.7/video-js.css]
[connect.facebook.net/en_US/sdk.js]
[cdnjs.cloudflare.com/ajax/libs/d3/3.4.13/d3.min.js]
[www.ggpa.cteguj.in/gmcastudent/img/inner-head-bg-white.html]
[www.ggpa.cteguj.in/gmcastudent/js/rs-plugin/font/revicons90c690c6.svg]
[www.ggpa.cteguj.in/about/news.html]
[www.ggpa.cteguj.in/campus/news.html]
[www.ggpa.cteguj.in/rti/news.html]
[www.ggpa.cteguj.in/calendar/news.html]
[www.ggpa.cteguj.in/programs/detail/news.html]
[www.ggpa.cteguj.in/uploads/2019/2.jpg]
[www.ggpa.cteguj.in/index.php/facultydetail/show/11903.html]
[www.ggpa.cteguj.in/index.php/facultydetail/show/13103.html]
[www.ggpa.cteguj.in/index.php/facultydetail/show/36843.html]
[www.ggpa.cteguj.in/index.php/facultydetail/show/13018.html]
[www.ggpa.cteguj.in/uploads/faculty/rasmita_patel.jpg]
[www.ggpa.cteguj.in/index.php/facultydetail/show/13866.html]
[www.ggpa.cteguj.in/index.php/facultydetail/show/37352.html]
[www.ggpa.cteguj.in/index.php/facultydetail/show/37647.html]
[www.ggpa.cteguj.in/index.php/facultydetail/show/36743.html]
[www.ggpa.cteguj.in/index.php/facultydetail/show/36732.html]
[www.ggpa.cteguj.in/index.php/facultydetail/show/36744.html]
[www.ggpa.cteguj.in/index.php/facultydetail/show/38804.html]
[www.ggpa.cteguj.in/index.php/facultydetail/show/38805.html]
[www.ggpa.cteguj.in/uploads/2019/WhatsApp_Image_2022-01-20_at_5_11_08_PM.jpeg]
[www.ggpa.cteguj.in/uploads/2019/WhatsApp_Image_2022-01-20_at_5_11_02_PM.jpeg]
[www.ggpa.cteguj.in/index.php/facultydetail/show/36748.html]
[www.ggpa.cteguj.in/index.php/facultydetail/show/38510.html]
[www.ggpa.cteguj.in/index.php/facultydetail/show/14156.html]
[www.ggpa.cteguj.in/index.php/facultydetail/show/36752.html]
[www.ggpa.cteguj.in/index.php/facultydetail/show/39123.html]
[www.ggpa.cteguj.in/index.php/facultydetail/show/10605.html]
[www.ggpa.cteguj.in/index.php/facultydetail/show/39122.html]
[www.ggpa.cteguj.in/index.php/facultydetail/show/36722.html]
[www.ggpa.cteguj.in/uploads/faculty/bhd.jpg]
[www.ggpa.cteguj.in/index.php/facultydetail/show/36706.html]
[www.ggpa.cteguj.in/index.php/facultydetail/show/38714.html]
[www.ggpa.cteguj.in/index.php/facultydetail/show/13546.html]
[www.ggpa.cteguj.in/index.php/facultydetail/show/15889.html]
[www.ggpa.cteguj.in/index.php/facultydetail/show/12008.html]
[www.ggpa.cteguj.in/index.php/facultydetail/show/13548.html]
[www.ggpa.cteguj.in/index.php/facultydetail/show/10899.html]
[www.ggpa.cteguj.in/index.php/facultydetail/show/36756.html]
[www.ggpa.cteguj.in/index.php/facultydetail/show/15475.html]
[www.ggpa.cteguj.in/index.php/facultydetail/show/13345.html]
[www.ggpa.cteguj.in/index.php/facultydetail/show/11839.html]
[www.ggpa.cteguj.in/index.php/facultydetail/show/38758.html]
[www.ggpa.cteguj.in/index.php/facultydetail/show/10799.html]
[www.ggpa.cteguj.in/index.php/facultydetail/show/12864.html]
[www.ggpa.cteguj.in/index.php/facultydetail/show/37305.html]
[www.ggpa.cteguj.in/index.php/facultydetail/show/12249.html]
[www.ggpa.cteguj.in/index.php/facultydetail/show/12325.html]
[www.ggpa.cteguj.in/index.php/facultydetail/show/39162.html]
[www.ggpa.cteguj.in/index.php/facultydetail/show/12314.html]
[www.ggpa.cteguj.in/index.php/facultydetail/show/12708.html]
[www.ggpa.cteguj.in/index.php/facultydetail/show/36865.html]
[www.ggpa.cteguj.in/index.php/facultydetail/show/36905.html]
[www.ggpa.cteguj.in/index.php/facultydetail/show/37304.html]
[www.ggpa.cteguj.in/index.php/facultydetail/show/37303.html]
[www.ggpa.cteguj.in/index.php/facultydetail/show/37398.html]
[www.ggpa.cteguj.in/index.php/facultydetail/show/37379.html]
[www.ggpa.cteguj.in/uploads/faculty/IMG_20170508_141404.jpg]
[www.ggpa.cteguj.in/uploads/faculty/index1.jpg]
[www.ggpa.cteguj.in/index.php/facultydetail/show/38164.html]
[www.ggpa.cteguj.in/index.php/facultydetail/show/38993.html]
[www.ggpa.cteguj.in/index.php/facultydetail/show/10911.html]
[www.ggpa.cteguj.in/index.php/facultydetail/show/12725.html]
[www.ggpa.cteguj.in/index.php/facultydetail/show/12593.html]
[www.ggpa.cteguj.in/index.php/facultydetail/show/13398.html]
[www.ggpa.cteguj.in/index.php/facultydetail/show/37826.html]
[www.ggpa.cteguj.in/index.php/facultydetail/show/36893.html]
[www.ggpa.cteguj.in/uploads/faculty/New_Doc_71.jpg]
[www.ggpa.cteguj.in/index.php/facultydetail/show/36898.html]
[www.ggpa.cteguj.in/index.php/facultydetail/show/36897.html]
[www.ggpa.cteguj.in/index.php/facultydetail/show/36899.html]
[www.ggpa.cteguj.in/index.php/facultydetail/show/36894.html]
[www.ggpa.cteguj.in/index.php/facultydetail/show/39163.html]
[www.ggpa.cteguj.in/index.php/facultydetail/show/37432.html]
[www.ggpa.cteguj.in/index.php/facultydetail/show/13051.html]
[www.ggpa.cteguj.in/uploads/faculty/skmehta_photo1.jpg]
[www.ggpa.cteguj.in/index.php/facultydetail/show/13264.html]
[www.ggpa.cteguj.in/index.php/facultydetail/show/36746.html]
[www.ggpa.cteguj.in/index.php/facultydetail/show/37822.html]
[www.ggpa.cteguj.in/index.php/facultydetail/show/38716.html]
[www.ggpa.cteguj.in/uploads/2019/202a.jpeg]
[www.ggpa.cteguj.in/uploads/2019/202b.jpeg]
[www.ggpa.cteguj.in/index.php/facultydetail/show/36712.html]
[www.ggpa.cteguj.in/index.php/facultydetail/show/12962.html]
[www.ggpa.cteguj.in/index.php/facultydetail/show/13023.html]
[www.ggpa.cteguj.in/uploads/faculty/WhatsApp_Image_2023-01-13_at_12_57_371.jpeg]
[www.ggpa.cteguj.in/index.php/facultydetail/show/13072.html]
[www.ggpa.cteguj.in/index.php/facultydetail/show/36730.html]
[www.ggpa.cteguj.in/index.php/facultydetail/show/37307.html]
[www.ggpa.cteguj.in/index.php/facultydetail/show/37306.html]
[www.ggpa.cteguj.in/index.php/facultydetail/show/38861.html]
[www.ggpa.cteguj.in/index.php/facultydetail/show/39054.html]
[www.ggpa.cteguj.in/index.php/facultydetail/show/38858.html]
[www.ggpa.cteguj.in/index.php/facultydetail/show/38867.html]
[www.ggpa.cteguj.in/index.php/facultydetail/show/38974.html]
[www.ggpa.cteguj.in/index.php/facultydetail/show/38870.html]
[www.ggpa.cteguj.in/index.php/facultydetail/show/38753.html]
[www.ggpa.cteguj.in/labs/news.html]
[www.ggpa.cteguj.in/workshops/news.html]
[www.ggpa.cteguj.in/facultydetail/show/11903.html]
[www.ggpa.cteguj.in/facultydetail/show/13103.html]
[www.ggpa.cteguj.in/facultydetail/show/36843.html]
[www.ggpa.cteguj.in/facultydetail/show/13018.html]
[www.ggpa.cteguj.in/facultydetail/show/13866.html]
[www.ggpa.cteguj.in/facultydetail/show/37647.html]
[www.ggpa.cteguj.in/facultydetail/show/36748.html]
[www.ggpa.cteguj.in/facultydetail/show/38510.html]
[www.ggpa.cteguj.in/facultydetail/show/14156.html]
[www.ggpa.cteguj.in/facultydetail/show/36752.html]
[www.ggpa.cteguj.in/facultydetail/show/10605.html]
[www.ggpa.cteguj.in/facultydetail/show/39122.html]
[www.ggpa.cteguj.in/facultydetail/show/36722.html]
[www.ggpa.cteguj.in/facultydetail/show/36706.html]
[www.ggpa.cteguj.in/facultydetail/show/38714.html]
[www.ggpa.cteguj.in/facultydetail/show/10799.html]
[www.ggpa.cteguj.in/facultydetail/show/12864.html]
[www.ggpa.cteguj.in/facultydetail/show/37305.html]
[www.ggpa.cteguj.in/facultydetail/show/12249.html]
[www.ggpa.cteguj.in/facultydetail/show/12325.html]
[www.ggpa.cteguj.in/facultydetail/show/39162.html]
[www.ggpa.cteguj.in/facultydetail/show/12314.html]
[www.ggpa.cteguj.in/facultydetail/show/12708.html]
[www.ggpa.cteguj.in/facultydetail/show/36865.html]
[www.ggpa.cteguj.in/facultydetail/show/36905.html]
[www.ggpa.cteguj.in/facultydetail/show/37304.html]
[www.ggpa.cteguj.in/facultydetail/show/37303.html]
[www.ggpa.cteguj.in/facultydetail/show/37379.html]
[www.ggpa.cteguj.in/facultydetail/show/38164.html]
[www.ggpa.cteguj.in/facultydetail/show/38993.html]
[www.ggpa.cteguj.in/facultydetail/show/37835.html]
[www.ggpa.cteguj.in/facultydetail/show/10894.html]
[www.ggpa.cteguj.in/facultydetail/show/37425.html]
[www.ggpa.cteguj.in/facultydetail/show/10911.html]
[www.ggpa.cteguj.in/facultydetail/show/12725.html]
[www.ggpa.cteguj.in/facultydetail/show/12593.html]
[www.ggpa.cteguj.in/facultydetail/show/13398.html]
[www.ggpa.cteguj.in/facultydetail/show/36897.html]
[www.ggpa.cteguj.in/facultydetail/show/36899.html]
[www.ggpa.cteguj.in/facultydetail/show/36894.html]
[www.ggpa.cteguj.in/facultydetail/show/39163.html]
[www.ggpa.cteguj.in/facultydetail/show/37432.html]
[www.ggpa.cteguj.in/facultydetail/show/36695.html]
[www.ggpa.cteguj.in/facultydetail/show/36712.html]
[www.ggpa.cteguj.in/facultydetail/show/12962.html]
[www.ggpa.cteguj.in/facultydetail/show/13023.html]
[www.ggpa.cteguj.in/facultydetail/show/13072.html]
[www.ggpa.cteguj.in/facultydetail/show/36730.html]
[www.ggpa.cteguj.in/facultydetail/show/37307.html]
[www.ggpa.cteguj.in/facultydetail/show/37306.html]
[www.ggpa.cteguj.in/facultydetail/show/38861.html]
[www.ggpa.cteguj.in/facultydetail/show/39054.html]
[www.ggpa.cteguj.in/facultydetail/show/38867.html]
[www.ggpa.cteguj.in/facultydetail/show/38974.html]
[www.ggpa.cteguj.in/facultydetail/show/38870.html]
[www.ggpa.cteguj.in/facultydetail/show/38753.html]
[www.ggpa.cteguj.in/facultydetail/show/37423.html]
[www.ggpa.cteguj.in/facultydetail/show/37433.html]
[www.ggpa.cteguj.in/facultydetail/show/37434.html]
[www.ggpa.cteguj.in/facultydetail/show/36732.html]
[www.ggpa.cteguj.in/facultydetail/show/38804.html]
[www.ggpa.cteguj.in/facultydetail/show/38805.html]
[www.ggpa.cteguj.in/facultydetail/show/13399.html]
[www.ggpa.cteguj.in/facultydetail/show/36719.html]
[www.ggpa.cteguj.in/facultydetail/show/13546.html]
[www.ggpa.cteguj.in/facultydetail/show/15889.html]
[www.ggpa.cteguj.in/facultydetail/show/12008.html]
[www.ggpa.cteguj.in/facultydetail/show/13548.html]
[www.ggpa.cteguj.in/facultydetail/show/10899.html]
[www.ggpa.cteguj.in/facultydetail/show/36756.html]
[www.ggpa.cteguj.in/facultydetail/show/15475.html]
[www.ggpa.cteguj.in/facultydetail/show/13345.html]
[www.ggpa.cteguj.in/facultydetail/show/11839.html]
[www.ggpa.cteguj.in/facultydetail/show/38758.html]
[www.ggpa.cteguj.in/facultydetail/show/13349.html]
[www.ggpa.cteguj.in/facultydetail/show/13051.html]
[www.ggpa.cteguj.in/facultydetail/show/13264.html]
[www.ggpa.cteguj.in/facultydetail/show/15959.html]
[www.ggpa.cteguj.in/facultydetail/show/37822.html]
[www.ggpa.cteguj.in/facultydetail/show/38716.html]
[www.ggpa.cteguj.in/staff/news.html]
[www.ggpa.cteguj.in/uploads/2019/WhatsApp_Image_2023-01-11_at_6_00_00_PM.jpeg]
[www.ggpa.cteguj.in/uploads/2019/WhatsApp_Image_2023-01-11_at_5_59_58_PM.jpeg]
[www.ggpa.cteguj.in/uploads/2019/42.jpg]
[www.ggpa.cteguj.in/uploads/2019/INDEPENDENCE_DAY_CELEBRATION2.jpg]
[www.ggpa.cteguj.in/uploads/2019/MEDIA_COVERAGE_1.jpg]
[www.ggpa.cteguj.in/uploads/2019/technosarita_it3.jpg]
[www.ggpa.cteguj.in/uploads/2019/technosarita_ec.jpg]
[www.ggpa.cteguj.in/uploads/2019/YOGA_DAY3.jpg]
[www.ggpa.cteguj.in/uploads/2019/technosarita_ec1.jpg]
[www.ggpa.cteguj.in/uploads/2019/12.jpg]
[www.ggpa.cteguj.in/uploads/2019/DSC_0329.jpg]
[www.ggpa.cteguj.in/uploads/2019/IMG_3092.JPG]
[www.ggpa.cteguj.in/uploads/2019/IMG_20180203_174052.jpg]
[www.ggpa.cteguj.in/gallery/news.html]
[www.ggpa.cteguj.in/uploads/2019/EOA_Report_2017-18.pdf]
[www.ggpa.cteguj.in/uploads/2019/Format_7_5_Sample_Format_-_Application.pdf]
[www.ggpa.cteguj.in/uploads/2019/Format_10_4_Sample_Format_-_Declaration_by_Parent_or_Guardian.pdf]
[www.ggpa.cteguj.in/links/news.html]
[www.ggpa.cteguj.in/contact/news.html]
[www.ggpa.cteguj.in/courtesy/news.html]
[www.ggpa.cteguj.in/gmcastudent/j/modules/news.html]
[vjs.zencdn.net/4.7/video-js.css]
[connect.facebook.net/en_US/sdk.js]
[www.ggpa.cteguj.in/faculty.html]
[www.ggpa.cteguj.in/index.php/facultydetail/show/news.html]
[www.ggpa.cteguj.in/index.php/facultydetail/show/36719]
[www.ggpa.cteguj.in/index.php/facultydetail/show/15959]
[www.ggpa.cteguj.in/index.php/facultydetail/show/36695]
[www.ggpa.cteguj.in/uploads/2019/208b.jpeg]
[www.ggpa.cteguj.in/facultydetail/show/39123]
[www.ggpa.cteguj.in/facultydetail/show/37398]
[www.ggpa.cteguj.in/facultydetail/show/37826]
[www.ggpa.cteguj.in/facultydetail/show/36893]
[www.ggpa.cteguj.in/facultydetail/show/36898]
[www.ggpa.cteguj.in/facultydetail/show/36743]
[www.ggpa.cteguj.in/facultydetail/show/36744]
[www.ggpa.cteguj.in/facultydetail/show/36746]
[www.ggpa.cteguj.in/faculty/news]
[www.ggpa.cteguj.in/uploads/2019/IMG-20180126-WA0093.jpg]
[www.ggpa.cteguj.in/uploads/2019/IMG-20180126-WA0063.jpg]
[www.ggpa.cteguj.in/facultydetail/show/news]
[www.ggpa.cteguj.in/facultydetail/show/37352]
[www.ggpa.cteguj.in/facultydetail/show/38858]
[www.sungeetheme.com/wp-content/plugins/frexy-cptsc/assets/css/font-awesome.min3a05.css]
[www.sungeetheme.com/wp-admin/css/color-picker.min3a05.css]
[www.sungeetheme.com/wp-content/plugins/frexy-cptsc/assets/css/chosen.min3a05.css]
[www.sungeetheme.com/wp-content/plugins/bbpress-private-replies/css/frond-end3a05.css]
[www.sungeetheme.com/wp-content/plugins/bbpress/templates/default/css/bbpress3933.css]
[www.sungeetheme.com/wp-content/plugins/revslider/rs-plugin/css/settings9cbc.css]
[www.sungeetheme.com/wp-content/themes/frexy-child/style.css]
[www.sungeetheme.com/wp-content/plugins/wordpress-popular-posts/style/wppee9a.css]
[www.sungeetheme.com/wp-content/themes/frexy/css/vendor/bootstrap.min.css]
[www.sungeetheme.com/wp-content/themes/frexy/js/bootstrap-progressbar/bootstrap-progressbar-3.2.0.min.css]
[www.sungeetheme.com/wp-content/themes/frexy/style.css]
[www.sungeetheme.com/wp-content/themes/frexy/js/bxslider/jquery.bxslider.css]
[www.sungeetheme.com/wp-content/themes/frexy/js/radial-progress/style.css]
[www.sungeetheme.com/wp-content/themes/frexy/css/vendor/animate.css]
[www.sungeetheme.com/wp-content/themes/frexy/js/jqueryui/jquery-ui.css]
[www.sungeetheme.com/wp-content/themes/frexy/js/jqueryui/jquery-ui.structure.css]
[www.sungeetheme.com/wp-content/themes/frexy/js/fancybox/jquery.fancybox.css]
[www.sungeetheme.com/wp-content/themes/frexy/css/main-default.css]
[www.sungeetheme.com/wp-content/themes/frexy/js/rs-plugin/css/settings.css]
[www.sungeetheme.com/wp-content/themes/frexy/js/rs-plugin/css/settings-custom.css]
[www.sungeetheme.com/wp-content/themes/frexy/js/rs-plugin/videojs/video-js.css]
[www.sungeetheme.com/wp-includes/js/mediaelement/mediaelementplayer.min3819.css]
[www.sungeetheme.com/wp-includes/js/mediaelement/wp-mediaelement3a05.css]
[www.sungeetheme.com/wp-content/themes/frexy/css/updates.css]
[www.sungeetheme.com/wp-includes/js/jquery/jquery4a80.js]
[www.sungeetheme.com/wp-includes/js/jquery/jquery-migrate.min1576.js]
[www.sungeetheme.com/wp-content/plugins/frexy-cptsc/assets/js/jquery.livequery3a05.js]
[www.sungeetheme.com/wp-content/plugins/frexy-cptsc/assets/js/shortcode-actions3a05.js]
[www.sungeetheme.com/wp-content/plugins/revslider/rs-plugin/js/jquery.themepunch.tools.min9cbc.js]
[www.sungeetheme.com/wp-content/plugins/revslider/rs-plugin/js/jquery.themepunch.revolution.min9cbc.js]
[www.sungeetheme.com/wp-content/uploads/2015/06/sungee-logo-with-text-copy.png]
[www.sungeetheme.com/wp-includes/js/jquery/ui/core.mine899.js]
[www.sungeetheme.com/wp-includes/js/jquery/ui/widget.mine899.js]
[www.sungeetheme.com/wp-includes/js/jquery/ui/mouse.mine899.js]
[www.sungeetheme.com/wp-includes/js/jquery/ui/sortable.mine899.js]
[www.sungeetheme.com/wp-content/plugins/frexy-cptsc/assets/js/chosen.jquery.min3a05.js]
[www.sungeetheme.com/wp-content/plugins/bbpress/templates/default/js/editor3933.js]
[www.sungeetheme.com/wp-content/themes/frexy/js/googlejsapiinit.js]
[www.sungeetheme.com/wp-content/themes/frexy/js/breakpoints.js]
[www.sungeetheme.com/wp-content/themes/frexy/js/scrollspy.js]
[www.sungeetheme.com/wp-content/themes/frexy/js/bootstrap-progressbar/bootstrap-progressbar.js]
[www.sungeetheme.com/wp-content/themes/frexy/js/bootstrap.min.js]
[www.sungeetheme.com/wp-content/themes/frexy/js/masonry.pkgd.min.js]
[www.sungeetheme.com/wp-content/themes/frexy/js/imagesloaded.pkgd.min.js]
[www.sungeetheme.com/wp-content/themes/frexy/js/bxslider/jquery.bxslider.min.js]
[www.sungeetheme.com/wp-content/themes/frexy/js/smooth-scroll/SmoothScroll.js]
[www.sungeetheme.com/wp-content/themes/frexy/js/jquery.carouFredSel-6.2.1-packed.js]
[www.sungeetheme.com/wp-content/themes/frexy/js/rs-plugin/js/jquery.themepunch.plugins.min.js]
[www.sungeetheme.com/wp-content/themes/frexy/js/rs-plugin/js/jquery.themepunch.revolution.min.js]
[www.sungeetheme.com/wp-content/themes/frexy/js/rs-plugin/videojs/video.js]
[www.sungeetheme.com/wp-content/themes/frexy/js/jqueryui/jquery-ui.js]
[www.sungeetheme.com/wp-content/themes/frexy/js/modules/sliders.js]
[www.sungeetheme.com/wp-content/themes/frexy/js/modules/ui.js]
[www.sungeetheme.com/wp-content/themes/frexy/js/modules/retina.js]
[www.sungeetheme.com/wp-content/themes/frexy/js/modules/animate-numbers.js]
[www.sungeetheme.com/wp-content/themes/frexy/js/modules/parallax-effect.js]
[www.sungeetheme.com/wp-content/themes/frexy/js/modules/color-themes.js]
[www.sungeetheme.com/wp-content/themes/frexy/js/modules/ui.checkbox.js]
[www.sungeetheme.com/wp-content/themes/frexy/js/audioplayer/js/jquery.jplayer.min.js]
[www.sungeetheme.com/wp-content/themes/frexy/js/audioplayer/js/jplayer.playlist.min.js]
[www.sungeetheme.com/wp-content/themes/frexy/js/radial-progress/jquery.easing.1.3.js]
[www.sungeetheme.com/wp-content/themes/frexy/js/radial-progress/radialProgress.js]
[www.sungeetheme.com/wp-content/themes/frexy/js/progressbars.js]
[www.sungeetheme.com/wp-content/themes/frexy/js/google-chart.js]
[www.sungeetheme.com/wp-content/themes/frexy/js/j.placeholder.js]
[www.sungeetheme.com/wp-content/themes/frexy/js/fancybox/jquery.fancybox.pack.js]
[www.sungeetheme.com/wp-content/themes/frexy/js/fancybox/jquery.mousewheel.pack.js]
[www.sungeetheme.com/wp-content/themes/frexy/js/fancybox/jquery.fancybox.custom.js]
[www.sungeetheme.com/wp-content/themes/frexy/js/user.js]
[www.sungeetheme.com/wp-content/themes/frexy/js/common.js]
[www.sungeetheme.com/wp-content/themes/frexy/js/fontawesome-markers.js]
[www.sungeetheme.com/wp-content/themes/frexy/js/markerwithlabel.js]
[www.sungeetheme.com/wp-content/themes/frexy/js/cookie.js]
[www.sungeetheme.com/wp-content/themes/frexy/js/loader.js]
